Flow report for g14_lab4
Mon Nov 21 14:28:26 2011
Quartus II Version 9.0 Build 235 06/17/2009 Service Pack 2 SJ Full Version


---------------------
; Table of Contents ;
---------------------
  1. Legal Notice
  2. Flow Summary
  3. Flow Settings
  4. Flow Non-Default Global Settings
  5. Flow Elapsed Time
  6. Flow OS Summary
  7. Flow Log



----------------
; Legal Notice ;
----------------
Copyright (C) 1991-2009 Altera Corporation
Your use of Altera Corporation's design tools, logic functions 
and other software and tools, and its AMPP partner logic 
functions, and any output files from any of the foregoing 
(including device programming or simulation files), and any 
associated documentation or information are expressly subject 
to the terms and conditions of the Altera Program License 
Subscription Agreement, Altera MegaCore Function License 
Agreement, or other applicable license agreement, including, 
without limitation, that your use is for the sole purpose of 
programming logic devices manufactured by Altera and sold by 
Altera or its authorized distributors.  Please refer to the 
applicable agreement for further details.



+------------------------------------------------------------------------------------+
; Flow Summary                                                                       ;
+------------------------------------+-----------------------------------------------+
; Flow Status                        ; Successful - Mon Nov 21 14:28:26 2011         ;
; Quartus II Version                 ; 9.0 Build 235 06/17/2009 SP 2 SJ Full Version ;
; Revision Name                      ; g14_lab4                                      ;
; Top-level Entity Name              ; g14_sp_player_combined                        ;
; Family                             ; Cyclone II                                    ;
; Device                             ; EP2C20F484C7                                  ;
; Timing Models                      ; Final                                         ;
; Met timing requirements            ; N/A                                           ;
; Total logic elements               ; 120                                           ;
;     Total combinational functions  ; 111                                           ;
;     Dedicated logic registers      ; 65                                            ;
; Total registers                    ; 65                                            ;
; Total pins                         ; 29                                            ;
; Total virtual pins                 ; 0                                             ;
; Total memory bits                  ; 0                                             ;
; Embedded Multiplier 9-bit elements ; 0                                             ;
; Total PLLs                         ; 0                                             ;
+------------------------------------+-----------------------------------------------+


+-----------------------------------------+
; Flow Settings                           ;
+-------------------+---------------------+
; Option            ; Setting             ;
+-------------------+---------------------+
; Start date & time ; 11/21/2011 14:28:21 ;
; Main task         ; Compilation         ;
; Revision Name     ; g14_lab4            ;
+-------------------+---------------------+


+--------------------------------------------------------------------------------------------------------------------------------+
; Flow Non-Default Global Settings                                                                                               ;
+------------------------------------+---------------------------------+---------------+------------------------+----------------+
; Assignment Name                    ; Value                           ; Default Value ; Entity Name            ; Section Id     ;
+------------------------------------+---------------------------------+---------------+------------------------+----------------+
; COMPILER_SIGNATURE_ID              ; 132129496019038.132190370007176 ; --            ; --                     ; --             ;
; MAX_CORE_JUNCTION_TEMP             ; 85                              ; --            ; --                     ; --             ;
; MIN_CORE_JUNCTION_TEMP             ; 0                               ; --            ; --                     ; --             ;
; MISC_FILE                          ; H:/dsd/lab4/g14_lab4.dpf        ; --            ; --                     ; --             ;
; PARTITION_COLOR                    ; 16764057                        ; --            ; g14_sp_player_combined ; Top            ;
; PARTITION_NETLIST_TYPE             ; SOURCE                          ; --            ; g14_sp_player_combined ; Top            ;
; TOP_LEVEL_ENTITY                   ; g14_sp_player_combined          ; g14_lab4      ; --                     ; --             ;
; USE_GENERATED_PHYSICAL_CONSTRAINTS ; Off                             ; --            ; --                     ; eda_blast_fpga ;
+------------------------------------+---------------------------------+---------------+------------------------+----------------+


+--------------------------------------------------------------------------------------------------------------------------+
; Flow Elapsed Time                                                                                                        ;
+----------------------+--------------+-------------------------+---------------------+------------------------------------+
; Module Name          ; Elapsed Time ; Average Processors Used ; Peak Virtual Memory ; Total CPU Time (on all processors) ;
+----------------------+--------------+-------------------------+---------------------+------------------------------------+
; Analysis & Synthesis ; 00:00:08     ; 1.0                     ; 223 MB              ; 00:00:02                           ;
; Total                ; 00:00:08     ; --                      ; --                  ; 00:00:02                           ;
+----------------------+--------------+-------------------------+---------------------+------------------------------------+


+---------------------------------------------------------------------------------------+
; Flow OS Summary                                                                       ;
+----------------------+------------------+---------------+------------+----------------+
; Module Name          ; Machine Hostname ; OS Name       ; OS Version ; Processor type ;
+----------------------+------------------+---------------+------------+----------------+
; Analysis & Synthesis ; 156TR4060DS-917  ; Windows Vista ; 6.1        ; i686           ;
+----------------------+------------------+---------------+------------+----------------+


------------
; Flow Log ;
------------
quartus_map --read_settings_files=on --write_settings_files=off g14_lab4 -c g14_lab4



