Classic Timing Analyzer report for g14_lab2
Thu Oct 13 14:25:00 2011
Quartus II Version 9.0 Build 235 06/17/2009 Service Pack 2 SJ Full Version


---------------------
; Table of Contents ;
---------------------
  1. Legal Notice
  2. Timing Analyzer Summary
  3. Timing Analyzer Settings
  4. Parallel Compilation
  5. tpd
  6. Timing Analyzer Messages



----------------
; Legal Notice ;
----------------
Copyright (C) 1991-2009 Altera Corporation
Your use of Altera Corporation's design tools, logic functions 
and other software and tools, and its AMPP partner logic 
functions, and any output files from any of the foregoing 
(including device programming or simulation files), and any 
associated documentation or information are expressly subject 
to the terms and conditions of the Altera Program License 
Subscription Agreement, Altera MegaCore Function License 
Agreement, or other applicable license agreement, including, 
without limitation, that your use is for the sole purpose of 
programming logic devices manufactured by Altera and sold by 
Altera or its authorized distributors.  Please refer to the 
applicable agreement for further details.



+-----------------------------------------------------------------------------------------------------------------------------------+
; Timing Analyzer Summary                                                                                                           ;
+------------------------------+-------+---------------+-------------+---------------+-------+------------+----------+--------------+
; Type                         ; Slack ; Required Time ; Actual Time ; From          ; To    ; From Clock ; To Clock ; Failed Paths ;
+------------------------------+-------+---------------+-------------+---------------+-------+------------+----------+--------------+
; Worst-case tpd               ; N/A   ; None          ; 34.300 ns   ; ASP_c_i[0][0] ; horiz ; --         ; --       ; 0            ;
; Total number of failed paths ;       ;               ;             ;               ;       ;            ;          ; 0            ;
+------------------------------+-------+---------------+-------------+---------------+-------+------------+----------+--------------+


+--------------------------------------------------------------------------------------------------------------------+
; Timing Analyzer Settings                                                                                           ;
+---------------------------------------------------------------------+--------------------+------+----+-------------+
; Option                                                              ; Setting            ; From ; To ; Entity Name ;
+---------------------------------------------------------------------+--------------------+------+----+-------------+
; Device Name                                                         ; EPF10K70RC240-4    ;      ;    ;             ;
; Timing Models                                                       ; Final              ;      ;    ;             ;
; Default hold multicycle                                             ; Same as Multicycle ;      ;    ;             ;
; Cut paths between unrelated clock domains                           ; On                 ;      ;    ;             ;
; Cut off read during write signal paths                              ; On                 ;      ;    ;             ;
; Cut off feedback from I/O pins                                      ; On                 ;      ;    ;             ;
; Report Combined Fast/Slow Timing                                    ; Off                ;      ;    ;             ;
; Ignore Clock Settings                                               ; Off                ;      ;    ;             ;
; Analyze latches as synchronous elements                             ; On                 ;      ;    ;             ;
; Enable Recovery/Removal analysis                                    ; Off                ;      ;    ;             ;
; Enable Clock Latency                                                ; Off                ;      ;    ;             ;
; Use TimeQuest Timing Analyzer                                       ; Off                ;      ;    ;             ;
; Minimum Core Junction Temperature                                   ; 0                  ;      ;    ;             ;
; Maximum Core Junction Temperature                                   ; 85                 ;      ;    ;             ;
; Number of source nodes to report per destination node               ; 10                 ;      ;    ;             ;
; Number of destination nodes to report                               ; 10                 ;      ;    ;             ;
; Number of paths to report                                           ; 200                ;      ;    ;             ;
; Report Minimum Timing Checks                                        ; Off                ;      ;    ;             ;
; Use Fast Timing Models                                              ; Off                ;      ;    ;             ;
; Report IO Paths Separately                                          ; Off                ;      ;    ;             ;
; Perform Multicorner Analysis                                        ; Off                ;      ;    ;             ;
; Reports the worst-case path for each clock domain and analysis      ; Off                ;      ;    ;             ;
; Removes common clock path pessimism (CCPP) during slack computation ; Off                ;      ;    ;             ;
; Output I/O Timing Endpoint                                          ; Near End           ;      ;    ;             ;
+---------------------------------------------------------------------+--------------------+------+----+-------------+


+------------------------------------------+
; Parallel Compilation                     ;
+----------------------------+-------------+
; Processors                 ; Number      ;
+----------------------------+-------------+
; Number detected on machine ; 4           ;
; Maximum allowed            ; 4           ;
;                            ;             ;
; Average used               ; 1.00        ;
; Maximum used               ; 1           ;
;                            ;             ;
; Usage by Processor         ; % Time Used ;
;     1 processor            ; 100.0%      ;
;     2-4 processors         ;   0.0%      ;
+----------------------------+-------------+


+------------------------------------------------------------------------+
; tpd                                                                    ;
+-------+-------------------+-----------------+---------------+----------+
; Slack ; Required P2P Time ; Actual P2P Time ; From          ; To       ;
+-------+-------------------+-----------------+---------------+----------+
; N/A   ; None              ; 34.300 ns       ; ASP_c_i[0][0] ; horiz    ;
; N/A   ; None              ; 33.300 ns       ; ASP_c_i[0][2] ; horiz    ;
; N/A   ; None              ; 33.300 ns       ; ASP_c_i[1][2] ; horiz    ;
; N/A   ; None              ; 32.300 ns       ; ASP_r_i[0][1] ; l_r_diag ;
; N/A   ; None              ; 32.300 ns       ; ASP_r_i[0][1] ; vertic   ;
; N/A   ; None              ; 32.000 ns       ; ASP_r_i[0][1] ; r_l_diag ;
; N/A   ; None              ; 31.700 ns       ; ASP_c_i[0][1] ; horiz    ;
; N/A   ; None              ; 30.900 ns       ; ASP_r_i[0][0] ; l_r_diag ;
; N/A   ; None              ; 30.900 ns       ; ASP_r_i[0][0] ; vertic   ;
; N/A   ; None              ; 30.600 ns       ; ASP_r_i[0][0] ; r_l_diag ;
; N/A   ; None              ; 30.000 ns       ; ASP_c_i[0][0] ; r_l_diag ;
; N/A   ; None              ; 29.800 ns       ; ASP_r_i[0][1] ; horiz    ;
; N/A   ; None              ; 29.000 ns       ; ASP_c_i[0][2] ; r_l_diag ;
; N/A   ; None              ; 29.000 ns       ; ASP_c_i[1][2] ; r_l_diag ;
; N/A   ; None              ; 29.000 ns       ; ASP_c_i[0][0] ; l_r_diag ;
; N/A   ; None              ; 29.000 ns       ; ASP_c_i[0][2] ; vertic   ;
; N/A   ; None              ; 29.000 ns       ; ASP_c_i[0][0] ; vertic   ;
; N/A   ; None              ; 28.700 ns       ; ASP_c_i[0][2] ; l_r_diag ;
; N/A   ; None              ; 28.700 ns       ; ASP_c_i[1][2] ; vertic   ;
; N/A   ; None              ; 28.400 ns       ; ASP_c_i[1][2] ; l_r_diag ;
; N/A   ; None              ; 27.900 ns       ; ASP_c_i[1][0] ; horiz    ;
; N/A   ; None              ; 27.900 ns       ; ASP_c_i[1][1] ; horiz    ;
; N/A   ; None              ; 27.400 ns       ; ASP_c_i[0][1] ; r_l_diag ;
; N/A   ; None              ; 27.300 ns       ; ASP_r_i[1][1] ; l_r_diag ;
; N/A   ; None              ; 27.300 ns       ; ASP_r_i[1][0] ; l_r_diag ;
; N/A   ; None              ; 27.300 ns       ; ASP_r_i[1][1] ; vertic   ;
; N/A   ; None              ; 27.300 ns       ; ASP_r_i[1][0] ; vertic   ;
; N/A   ; None              ; 27.000 ns       ; ASP_r_i[1][1] ; r_l_diag ;
; N/A   ; None              ; 27.000 ns       ; ASP_r_i[1][0] ; r_l_diag ;
; N/A   ; None              ; 26.100 ns       ; ASP_c_i[0][1] ; l_r_diag ;
; N/A   ; None              ; 26.000 ns       ; ASP_r_i[1][2] ; l_r_diag ;
; N/A   ; None              ; 26.000 ns       ; ASP_r_i[0][2] ; l_r_diag ;
; N/A   ; None              ; 26.000 ns       ; ASP_r_i[1][2] ; vertic   ;
; N/A   ; None              ; 26.000 ns       ; ASP_r_i[0][2] ; vertic   ;
; N/A   ; None              ; 25.700 ns       ; ASP_r_i[1][2] ; r_l_diag ;
; N/A   ; None              ; 25.700 ns       ; ASP_r_i[0][2] ; r_l_diag ;
; N/A   ; None              ; 25.400 ns       ; ASP_r_i[0][0] ; horiz    ;
; N/A   ; None              ; 25.000 ns       ; ASP_r_i[1][1] ; horiz    ;
; N/A   ; None              ; 25.000 ns       ; ASP_r_i[1][2] ; horiz    ;
; N/A   ; None              ; 25.000 ns       ; ASP_r_i[0][2] ; horiz    ;
; N/A   ; None              ; 23.600 ns       ; ASP_c_i[1][0] ; r_l_diag ;
; N/A   ; None              ; 23.600 ns       ; ASP_c_i[1][1] ; r_l_diag ;
; N/A   ; None              ; 22.600 ns       ; ASP_c_i[0][1] ; vertic   ;
; N/A   ; None              ; 22.300 ns       ; ASP_c_i[1][1] ; l_r_diag ;
; N/A   ; None              ; 22.300 ns       ; ASP_c_i[1][0] ; vertic   ;
; N/A   ; None              ; 22.000 ns       ; ASP_c_i[1][0] ; l_r_diag ;
; N/A   ; None              ; 21.800 ns       ; ASP_r_i[1][0] ; horiz    ;
; N/A   ; None              ; 19.100 ns       ; ASP_c_i[1][1] ; vertic   ;
+-------+-------------------+-----------------+---------------+----------+


+--------------------------+
; Timing Analyzer Messages ;
+--------------------------+
Info: *******************************************************************
Info: Running Quartus II Classic Timing Analyzer
    Info: Version 9.0 Build 235 06/17/2009 Service Pack 2 SJ Full Version
    Info: Processing started: Thu Oct 13 14:24:55 2011
Info: Command: quartus_tan --read_settings_files=on --write_settings_files=off g14_lab2 -c g14_lab2 --speed=4
Info: Parallel compilation is enabled and will use 4 of the 4 processors detected
Info: Started post-fitting delay annotation
Info: Delay annotation completed successfully
Info: Longest tpd from source pin "ASP_c_i[0][0]" to destination pin "horiz" is 34.300 ns
    Info: 1: + IC(0.000 ns) + CELL(10.300 ns) = 10.300 ns; Loc. = PIN_128; Fanout = 3; PIN Node = 'ASP_c_i[0][0]'
    Info: 2: + IC(5.400 ns) + CELL(1.700 ns) = 17.400 ns; Loc. = LC7_I52; Fanout = 1; COMB Node = 'horiz_temp~16'
    Info: 3: + IC(0.000 ns) + CELL(2.000 ns) = 19.400 ns; Loc. = LC8_I52; Fanout = 2; COMB Node = 'horiz_temp~10'
    Info: 4: + IC(3.100 ns) + CELL(2.700 ns) = 25.200 ns; Loc. = LC3_I35; Fanout = 1; COMB Node = 'horiz_temp~4'
    Info: 5: + IC(0.500 ns) + CELL(2.700 ns) = 28.400 ns; Loc. = LC1_I35; Fanout = 1; COMB Node = 'horiz_temp~1'
    Info: 6: + IC(0.900 ns) + CELL(5.000 ns) = 34.300 ns; Loc. = PIN_79; Fanout = 0; PIN Node = 'horiz'
    Info: Total cell delay = 24.400 ns ( 71.14 % )
    Info: Total interconnect delay = 9.900 ns ( 28.86 % )
Info: Quartus II Classic Timing Analyzer was successful. 0 errors, 0 warnings
    Info: Peak virtual memory: 168 megabytes
    Info: Processing ended: Thu Oct 13 14:25:01 2011
    Info: Elapsed time: 00:00:06
    Info: Total CPU time (on all processors): 00:00:02


